Microchip MPLAB XC8 Compiler V2.50

Linker command line:

-W-3 \
  --edf=C:\Program Files\Microchip\xc8\v2.50\pic\dat\20240725155939_en.msgs \
  -cn -h+dist/default/production\pet_robot.X.production.sym \
  --cmf=dist/default/production\pet_robot.X.production.cmf -z -Q18F4520 \
  -oC:\Users\ru03m\AppData\Local\Temp\xcAssp4.\driver_tmp_3.o \
  --defsym=__MPLAB_BUILD=1 --fixupoverflow=error \
  -Mdist/default/production/pet_robot.X.production.map \
  --md=C:\Users\ru03m\AppData\Local\Temp\xcAssp4.\driver_tmp_0.dat -E1 \
  -ver=XC8 Compiler --acfsm=1493 -ACODE=00h-07FFFh -ACONST=00h-07FFFh \
  -ASMALLCONST=0600h-06FFhx122 -AMEDIUMCONST=0600h-07FFFh -ACOMRAM=01h-07Fh \
  -AABS1=00h-05FFh -ABIGRAM=01h-05FFh -ARAM=080h-0FFh,0100h-01FFhx5 \
  -ABANK0=080h-0FFh -ABANK1=0100h-01FFh -ABANK2=0200h-02FFh \
  -ABANK3=0300h-03FFh -ABANK4=0400h-04FFh -ABANK5=0500h-05FFh \
  -ASFR=0F80h-0FFFh -ABIGSFR=0F80h-0FFFh -ACONFIG=0300000h-030000Dh \
  -AIDLOC=0200000h-0200007h -AEEDATA=0F00000h-0F000FFh -peeprom_data=EEDATA \
  -preset_vec=00h,intcode=8h,intcodelo=18h,powerup,init -pramtop=0600h \
  -psmallconst=SMALLCONST -pmediumconst=MEDIUMCONST -pconst=CONST \
  -AFARRAM=00h-00h \
  -prdata=COMRAM,nvrram=COMRAM,nvbit=COMRAM,rbss=COMRAM,rbit=COMRAM \
  -pfarbss=FARRAM,fardata=FARRAM,nvFARRAM=FARRAM \
  -pintsave_regs=BIGRAM,bigbss=BIGRAM,bigdata=BIGRAM -pbss=RAM \
  -pidata=CODE,irdata=CODE,ibigdata=CODE,ifardata=CODE -prparam=COMRAM \
  C:\Users\ru03m\AppData\Local\Temp\xcAssp4.\driver_tmp_9.o \
  dist/default/production\pet_robot.X.production.o 

Object code version is 3.11

Machine type is 18F4520



                Name                               Link     Load   Length Selector   Space Scale
C:\Users\ru03m\AppData\Local\Temp\xcAssp4.\driver_tmp_9.o
                idloc                            200000   200000        8        0       5
                config                           300000   300000        E        0       4
                init                                 EA       EA        4        C       0
                reset_vec                             0        0        4        0       0
dist/default/production\pet_robot.X.production.o
                intcodelo                            18       18       D2        C       0
                intcode                               8        8        6        4       0
                idloc                            200000   200000        8        0       5
                config                           300000   300000        E        0       4
                temp                                 1B       1B        1        1       1
                mediumconst                        4BFE     4BFE     3402     25FF       0
                text13                              A40      A40       AE        C       0
                intcode_body                        B42      B42       4A        C       0
                text10                              C86      C86        E        C       0
                text9                               C70      C70       16        C       0
                text8                               AEE      AEE       54        C       0
                text7                               3C8      3C8      2DA        C       0
                text6                               C00      C00       3A        C       0
                text5                               BC6      BC6       3A        C       0
                text4                               B8C      B8C       3A        C       0
                text3                               804      804      162        C       0
                text2                               6A2      6A2      162        C       0
                text1                                EE       EE      2DA        C       0
                text0                               966      966       DA        C       0
                cstackCOMRAM                          1        1        E        1       1
                dataCOMRAM                            F        F        8        1       1
                bssCOMRAM                            17       17        4        1       1
                cinit                               C3A      C3A       36        C       0
                idataCOMRAM                         C94      C94        8        C       0

TOTAL           Name                               Link     Load   Length     Space
        CLASS   CODE           
                intcodelo                            18       18       D2         0
                intcode                               8        8        6         0
                init                                 EA       EA        4         0
                reset_vec                             0        0        4         0
                text13                              A40      A40       AE         0
                intcode_body                        B42      B42       4A         0
                text10                              C86      C86        E         0
                text9                               C70      C70       16         0
                text8                               AEE      AEE       54         0
                text7                               3C8      3C8      2DA         0
                text6                               C00      C00       3A         0
                text5                               BC6      BC6       3A         0
                text4                               B8C      B8C       3A         0
                text3                               804      804      162         0
                text2                               6A2      6A2      162         0
                text1                                EE       EE      2DA         0
                text0                               966      966       DA         0
                cinit                               C3A      C3A       36         0
                idataCOMRAM                         C94      C94        8         0

        CLASS   CONST          

        CLASS   SMALLCONST     

        CLASS   MEDIUMCONST    
                mediumconst                        4BFE     4BFE     3402         0

        CLASS   COMRAM         
                temp                                 1B       1B        1         1
                cstackCOMRAM                          1        1        E         1
                dataCOMRAM                            F        F        8         1
                bssCOMRAM                            17       17        4         1

        CLASS   ABS1           

        CLASS   BIGRAM         

        CLASS   RAM            

        CLASS   BANK0          

        CLASS   BANK1          

        CLASS   BANK2          

        CLASS   BANK3          

        CLASS   BANK4          

        CLASS   BANK5          

        CLASS   SFR            

        CLASS   BIGSFR         

        CLASS   CONFIG         
                config                           300000   300000        E         4

        CLASS   IDLOC          
                idloc                            200000   200000        8         5

        CLASS   EEDATA         

        CLASS   FARRAM         

        CLASS   HEAP           

        CLASS   STACK          



SEGMENTS        Name                           Load    Length   Top    Selector   Space  Class

                reset_vec                      000000  000004  000004         0       0  CODE    
                cstackCOMRAM                   000001  00001B  00001C         1       1  COMRAM  
                intcode                        000008  000006  00000E         4       0  CODE    
                intcodelo                      000018  000C84  000C9C         C       0  CODE    
                mediumconst                    004BFE  003402  008000      25FF       0  MEDIUMCO


UNUSED ADDRESS RANGES

        Name                Unused          Largest block    Delta
        BANK0            000080-0000FF               80
        BANK1            000100-0001FF              100
        BANK2            000200-0002FF              100
        BANK3            000300-0003FF              100
        BANK4            000400-0004FF              100
        BANK5            000500-0005FF              100
        BIGRAM           00001C-0005FF              5E4
        BIGSFR           000F80-000FFF               80
        CODE             000004-000007                4
                         00000E-000017                A
                         000C9C-004BFD             3F62
        COMRAM           00001C-00007F               64
        CONST            000004-000007                4
                         00000E-000017                A
                         000C9C-004BFD             3F62
        EEDATA           F00000-F000FF              100
        MEDIUMCONST      000C9C-004BFD             3F62
        RAM              000080-0005FF              100
        SFR              000F80-000FFF               80
        SMALLCONST       000C9C-004BFD              100

                                  Symbol Table

?___awmod                     cstackCOMRAM 000001
_ADCON1                       (abs)        000FC1
_BF                           (abs)        007E38
_H_ISR                        intcode      000008
_INTCON2bits                  (abs)        000FF1
_INTCONbits                   (abs)        000FF2
_Interupt0_Initialize         text10       000C86
_LATA                         (abs)        000F89
_LATB                         (abs)        000F8A
_LATBbits                     (abs)        000F8A
_L_ISR                        intcodelo    000018
_PEN                          (abs)        007E2A
_RCONbits                     (abs)        000FD0
_SEN                          (abs)        007E28
_SSPADD                       (abs)        000FC8
_SSPBUF                       (abs)        000FC9
_SSPCON1                      (abs)        000FC6
_SSPCON2                      (abs)        000FC5
_SSPSTAT                      (abs)        000FC7
_T0CON                        (abs)        000FD5
_TMR0H                        (abs)        000FD7
_TMR0L                        (abs)        000FD6
_TRISA                        (abs)        000F92
_TRISB                        (abs)        000F93
_TRISC3                       (abs)        007CA3
_TRISC4                       (abs)        007CA4
_Timer0_Initialize            text9        000C70
__HRAM                        (abs)        000000
__H__absolute__               __absolute__ 000000
__Habs1                       abs1         000000
__Hbank0                      bank0        000000
__Hbank1                      bank1        000000
__Hbank2                      bank2        000000
__Hbank3                      bank3        000000
__Hbank4                      bank4        000000
__Hbank5                      bank5        000000
__Hbigbss                     bigbss       000000
__Hbigdata                    bigdata      000000
__Hbigram                     bigram       000000
__Hbigsfr                     bigsfr       000000
__Hbss                        bss          000000
__HbssCOMRAM                  bssCOMRAM    000000
__Hcinit                      cinit        000000
__Hclrtext                    clrtext      000000
__Hcomram                     comram       000000
__Hconfig                     config       30000E
__Hconst                      const        000000
__HcstackCOMRAM               cstackCOMRAM 000000
__Hdata                       data         000000
__HdataCOMRAM                 dataCOMRAM   000000
__Heeprom_data                eeprom_data  000000
__Hfarbss                     farbss       000000
__Hfardata                    fardata      000000
__Hheap                       heap         000000
__Hibigdata                   ibigdata     000000
__Hidata                      idata        000000
__HidataCOMRAM                idataCOMRAM  000000
__Hidloc                      idloc        200008
__Hifardata                   ifardata     000000
__Hinit                       init         0000EE
__Hintcode                    intcode      00000E
__Hintcode_body               intcode_body 000000
__Hintcodelo                  intcodelo    0000EA
__Hintentry                   intentry     000000
__Hintret                     intret       000000
__Hintsave_regs               intsave_regs 000000
__Hirdata                     irdata       000000
__Hmediumconst                mediumconst  008000
__HnvFARRAM                   nvFARRAM     000000
__Hnvbit                      nvbit        000000
__Hnvrram                     nvrram       000000
__Hparam                      rparam       000000
__Hpowerup                    powerup      0000EA
__Hram                        ram          000000
__Hramtop                     ramtop       000600
__Hrbit                       rbit         000000
__Hrbss                       rbss         000000
__Hrdata                      rdata        000000
__Hreset_vec                  reset_vec    000004
__Hrparam                     rparam       000000
__Hsfr                        sfr          000000
__Hsivt_hi                    sivt_hi      000000
__Hsivt_lo                    sivt_lo      000000
__Hsmallconst                 smallconst   000000
__Hspace_0                    (abs)        008000
__Hspace_1                    (abs)        00001C
__Hspace_2                    (abs)        000000
__Hspace_4                    (abs)        60000E
__Hstack                      stack        000000
__Hstruct                     struct       000000
__Htemp                       temp         00001C
__Htext                       text         000000
__Htext0                      text0        000000
__Htext1                      text1        000000
__Htext10                     text10       000000
__Htext13                     text13       000000
__Htext2                      text2        000000
__Htext3                      text3        000000
__Htext4                      text4        000000
__Htext5                      text5        000000
__Htext6                      text6        000000
__Htext7                      text7        000000
__Htext8                      text8        000000
__Htext9                      text9        000000
__LRAM                        (abs)        000001
__L__absolute__               __absolute__ 000000
__Labs1                       abs1         000000
__Lbank0                      bank0        000000
__Lbank1                      bank1        000000
__Lbank2                      bank2        000000
__Lbank3                      bank3        000000
__Lbank4                      bank4        000000
__Lbank5                      bank5        000000
__Lbigbss                     bigbss       000000
__Lbigdata                    bigdata      000000
__Lbigram                     bigram       000000
__Lbigsfr                     bigsfr       000000
__Lbss                        bss          000000
__LbssCOMRAM                  bssCOMRAM    000000
__Lcinit                      cinit        000000
__Lclrtext                    clrtext      000000
__Lcomram                     comram       000000
__Lconfig                     config       000000
__Lconst                      const        000000
__LcstackCOMRAM               cstackCOMRAM 000000
__Ldata                       data         000000
__LdataCOMRAM                 dataCOMRAM   000000
__Leeprom_data                eeprom_data  000000
__Lfarbss                     farbss       000000
__Lfardata                    fardata      000000
__Lheap                       heap         000000
__Libigdata                   ibigdata     000000
__Lidata                      idata        000000
__LidataCOMRAM                idataCOMRAM  000000
__Lidloc                      idloc        000000
__Lifardata                   ifardata     000000
__Linit                       init         0000EA
__Lintcode                    intcode      000008
__Lintcode_body               intcode_body 000000
__Lintcodelo                  intcodelo    000018
__Lintentry                   intentry     000000
__Lintret                     intret       000000
__Lintsave_regs               intsave_regs 000000
__Lirdata                     irdata       000000
__Lmediumconst                mediumconst  004BFE
__LnvFARRAM                   nvFARRAM     000000
__Lnvbit                      nvbit        000000
__Lnvrram                     nvrram       000000
__Lparam                      rparam       000000
__Lpowerup                    powerup      0000EA
__Lram                        ram          000000
__Lramtop                     ramtop       000600
__Lrbit                       rbit         000000
__Lrbss                       rbss         000000
__Lrdata                      rdata        000000
__Lreset_vec                  reset_vec    000000
__Lrparam                     rparam       000000
__Lsfr                        sfr          000000
__Lsivt_hi                    sivt_hi      000000
__Lsivt_lo                    sivt_lo      000000
__Lsmallconst                 smallconst   000000
__Lspace_0                    (abs)        000000
__Lspace_1                    (abs)        000000
__Lspace_2                    (abs)        000000
__Lspace_4                    (abs)        000000
__Lstack                      stack        000000
__Lstruct                     struct       000000
__Ltemp                       temp         00001B
__Ltext                       text         000000
__Ltext0                      text0        000000
__Ltext1                      text1        000000
__Ltext10                     text10       000000
__Ltext13                     text13       000000
__Ltext2                      text2        000000
__Ltext3                      text3        000000
__Ltext4                      text4        000000
__Ltext5                      text5        000000
__Ltext6                      text6        000000
__Ltext7                      text7        000000
__Ltext8                      text8        000000
__Ltext9                      text9        000000
__S0                          (abs)        008000
__S1                          (abs)        00001C
__S4                          (abs)        000000
__S5                          (abs)        000000
___awmod                      text13       000A40
___awmod@counter              cstackCOMRAM 000005
___awmod@dividend             cstackCOMRAM 000001
___awmod@divisor              cstackCOMRAM 000003
___awmod@sign                 cstackCOMRAM 000006
___heap_hi                    (abs)        000000
___heap_lo                    (abs)        000000
___inthi_sp                   stack        000000
___inthi_stack_hi             stack        000000
___inthi_stack_lo             stack        000000
___intlo_sp                   stack        000000
___intlo_stack_hi             stack        000000
___intlo_stack_lo             stack        000000
___param_bank                 (abs)        000000
___rparam_used                (abs)        000001
___sp                         stack        000000
___stack_hi                   stack        000000
___stack_lo                   stack        000000
__accesstop                   (abs)        000080
__activetblptr                (abs)        000002
__end_of_H_ISR                intcode_body 000B8C
__end_of_Interupt0_Initialize text10       000C94
__end_of_L_ISR                intcodelo    0000EA
__end_of_Timer0_Initialize    text9        000C86
__end_of___awmod              text13       000AEE
__end_of__initialization      cinit        000C62
__end_of_angryFace2Data       mediumconst  0053FF
__end_of_angryFace3Data       mediumconst  004FFF
__end_of_angryFaceData        mediumconst  0057FF
__end_of_back_walk            text7        0006A2
__end_of_happyFaceData        mediumconst  007BFF
__end_of_main                 text0        000A40
__end_of_originalFaceData     mediumconst  007FFF
__end_of_sadFace2Data         mediumconst  005FFF
__end_of_sadFace3Data         mediumconst  005BFF
__end_of_sadFaceData          mediumconst  0063FF
__end_of_setServoAngle        text8        000B42
__end_of_setlaydown           text6        000C3A
__end_of_setsit               text5        000C00
__end_of_setstand             text4        000BC6
__end_of_shockFace2Data       mediumconst  0067FF
__end_of_shockFaceData        mediumconst  006BFF
__end_of_sleepFace2Data       mediumconst  0073FF
__end_of_sleepFace3Data       mediumconst  006FFF
__end_of_sleepFaceData        mediumconst  0077FF
__end_of_turn_left            text3        000966
__end_of_turn_right           text2        000804
__end_of_walk                 text1        0003C8
__initialization              cinit        000C3A
__mediumconst                 mediumconst  004BFE
__pbssCOMRAM                  bssCOMRAM    000017
__pcinit                      cinit        000C3A
__pcstackCOMRAM               cstackCOMRAM 000001
__pdataCOMRAM                 dataCOMRAM   00000F
__pidataCOMRAM                idataCOMRAM  000C94
__pintcode                    intcode      000008
__pintcode_body               intcode_body 000B42
__pintcodelo                  intcodelo    000018
__pmediumconst                mediumconst  004BFE
__ptext0                      text0        000966
__ptext1                      text1        0000EE
__ptext10                     text10       000C86
__ptext13                     text13       000A40
__ptext2                      text2        0006A2
__ptext3                      text3        000804
__ptext4                      text4        000B8C
__ptext5                      text5        000BC6
__ptext6                      text6        000C00
__ptext7                      text7        0003C8
__ptext8                      text8        000AEE
__ptext9                      text9        000C70
__ramtop                      ramtop       000600
__smallconst                  smallconst   000000
_angryFace2Data               mediumconst  004FFF
_angryFace3Data               mediumconst  004BFF
_angryFaceData                mediumconst  0053FF
_back_walk                    text7        0003C8
_happyFaceData                mediumconst  0077FF
_main                         text0        000966
_mode                         bssCOMRAM    000017
_originalFaceData             mediumconst  007BFF
_pwmCounter                   bssCOMRAM    000019
_sadFace2Data                 mediumconst  005BFF
_sadFace3Data                 mediumconst  0057FF
_sadFaceData                  mediumconst  005FFF
_servoPulse                   dataCOMRAM   00000F
_setServoAngle                text8        000AEE
_setlaydown                   text6        000C00
_setsit                       text5        000BC6
_setstand                     text4        000B8C
_shockFace2Data               mediumconst  0063FF
_shockFaceData                mediumconst  0067FF
_sleepFace2Data               mediumconst  006FFF
_sleepFace3Data               mediumconst  006BFF
_sleepFaceData                mediumconst  0073FF
_turn_left                    text3        000804
_turn_right                   text2        0006A2
_walk                         text1        0000EE
btemp                         temp         00001B
end_of_initialization         cinit        000C62
int$flags                     temp         00001B
int_func                      intcode_body 000B42
intlevel0                     text         000000
intlevel1                     text         000000
intlevel2                     text         000000
intlevel3                     text         000000
isa$std                       (abs)        000001
isa$xinst                     (abs)        000000
setServoAngle@pulseWidth      cstackCOMRAM 00000B
setServoAngle@servo           cstackCOMRAM 00000D
stackhi                       (abs)        000000
stacklo                       (abs)        000000
start                         init         0000EA
start_initialization          cinit        000C3A
ttemp5                        temp         00001C
ttemp6                        temp         00001F
ttemp7                        temp         000023
wtemp8                        temp         00001C


MODULE INFORMATION

Module		Function		Class		Link	Load	Size
servo.c
		_turn_left     		CODE           	0804	0000	354
		_walk          		CODE           	00EE	0000	730
		_setsit        		CODE           	0BC6	0000	58
		_setstand      		CODE           	0B8C	0000	58
		_Timer0_Initialize		CODE           	0C70	0000	22
		_setServoAngle 		CODE           	0AEE	0000	84
		_back_walk     		CODE           	03C8	0000	730
		_setlaydown    		CODE           	0C00	0000	58
		_turn_right    		CODE           	06A2	0000	354

servo.c estimated size: 2448

C:\Program Files\Microchip\xc8\v2.50\pic\sources\c99\common\awmod.c
		___awmod       		CODE           	0A40	0000	174

C:\Program Files\Microchip\xc8\v2.50\pic\sources\c99\common\awmod.c estimated size: 174

shared
		_shockFaceData 		MEDIUMCONST    	67FF	0000	1024
		_shockFace2Data		MEDIUMCONST    	63FF	0000	1024
		_angryFaceData 		MEDIUMCONST    	53FF	0000	1024
		_happyFaceData 		MEDIUMCONST    	77FF	0000	1024
		__initialization		CODE           	0C3A	0000	40
		_angryFace2Data		MEDIUMCONST    	4FFF	0000	1024
		_angryFace3Data		MEDIUMCONST    	4BFF	0000	1024
		_originalFaceData		MEDIUMCONST    	7BFF	0000	1024
		_sleepFaceData 		MEDIUMCONST    	73FF	0000	1024
		_sadFaceData   		MEDIUMCONST    	5FFF	0000	1024
		_sleepFace2Data		MEDIUMCONST    	6FFF	0000	1024
		_sleepFace3Data		MEDIUMCONST    	6BFF	0000	1024
		_sadFace2Data  		MEDIUMCONST    	5BFF	0000	1024
		_sadFace3Data  		MEDIUMCONST    	57FF	0000	1024

shared estimated size: 13352

main.c
		_Interupt0_Initialize		CODE           	0C86	0000	14
		_H_ISR         		CODE           	0008	0000	80
		_main          		CODE           	0966	0000	218
		_L_ISR         		CODE           	0018	0000	210

main.c estimated size: 522

