Microchip MPLAB XC8 Compiler V2.50

Linker command line:

-W-3 \
  --edf=C:\Program Files\Microchip\xc8\v2.50\pic\dat\20240725155939_en.msgs \
  -cn -h+dist/default/debug\pet_robot.X.debug.sym \
  --cmf=dist/default/debug\pet_robot.X.debug.cmf -z -Q18F4520 \
  -oC:\Users\User\AppData\Local\Temp\xcAs1js0.\driver_tmp_3.o \
  --defsym=__MPLAB_BUILD=1 --fixupoverflow=error \
  -Mdist/default/debug/pet_robot.X.debug.map \
  --md=C:\Users\User\AppData\Local\Temp\xcAs1js0.\driver_tmp_0.dat -E1 \
  -ver=XC8 Compiler --acfsm=1493 -ACODE=00h-07DBFh -ACONST=00h-07DBFh \
  -ASMALLCONST=0600h-06FFhx119,07D00h-07DBFh -AMEDIUMCONST=0600h-07DBFh \
  -ACOMRAM=01h-07Fh -AABS1=00h-05F3h -ABIGRAM=01h-05F3h \
  -ARAM=080h-0FFh,0100h-01FFhx4,0500h-05F3h -ABANK0=080h-0FFh \
  -ABANK1=0100h-01FFh -ABANK2=0200h-02FFh -ABANK3=0300h-03FFh \
  -ABANK4=0400h-04FFh -ABANK5=0500h-05F3h \
  -ASFR=0F80h-0F9Bh,0F9Dh-0FD3h,0FD5h-0FDAh,0FE0h-0FE2h,0FE8h-0FEAh,0FF0h-0FFCh \
  -ABIGSFR=0F80h-0F9Bh,0F9Dh-0FD3h,0FD5h-0FDAh,0FE0h-0FE2h,0FE8h-0FEAh,0FF0h-0FFCh \
  -ACONFIG=0300000h-030000Dh -AIDLOC=0200000h-0200007h \
  -AEEDATA=0F00000h-0F000FFh -peeprom_data=EEDATA \
  -preset_vec=00h,intcode=8h,intcodelo,powerup,init -pramtop=0600h \
  -psmallconst=SMALLCONST -pmediumconst=MEDIUMCONST -pconst=CONST \
  -AFARRAM=00h-00h \
  -prdata=COMRAM,nvrram=COMRAM,nvbit=COMRAM,rbss=COMRAM,rbit=COMRAM \
  -pfarbss=FARRAM,fardata=FARRAM,nvFARRAM=FARRAM \
  -pintsave_regs=BIGRAM,bigbss=BIGRAM,bigdata=BIGRAM -pbss=RAM \
  -pidata=CODE,irdata=CODE,ibigdata=CODE,ifardata=CODE -prparam=COMRAM \
  C:\Users\User\AppData\Local\Temp\xcAs1js0.\driver_tmp_9.o \
  dist/default/debug\pet_robot.X.debug.o 

Object code version is 3.11

Machine type is 18F4520



                Name                               Link     Load   Length Selector   Space Scale
C:\Users\User\AppData\Local\Temp\xcAs1js0.\driver_tmp_9.o
                idloc                            200000   200000        8        0       5
                config                           300000   300000        E        0       4
                init                                  E        E        4        4       0
                reset_vec                             0        0        4        0       0
dist/default/debug\pet_robot.X.debug.o
                intcode                               8        8        6        4       0
                idloc                            200000   200000        8        0       5
                config                           300000   300000        E        0       4
                temp                                 22       22        1        1       1
                smallconst                          600      600        2      300       0
                intcode_body                        6BC      6BC       BA      301       0
                text11                              A28      A28       A4      301       0
                text10                              ACC      ACC       58      301       0
                text9                               BCC      BCC       12      301       0
                text8                               BBA      BBA       12      301       0
                text7                               B52      B52       2C      301       0
                text6                               B9C      B9C       1E      301       0
                text5                               B7E      B7E       1E      301       0
                text4                               8D2      8D2       AE      301       0
                text3                               824      824       AE      301       0
                text2                               776      776       AE      301       0
                text1                               980      980       A8      301       0
                text0                               602      602       BA      301       0
                cstackCOMRAM                          1        1       17        1       1
                dataCOMRAM                           18       18        8        1       1
                bssCOMRAM                            20       20        2        1       1
                cinit                               B24      B24       2E      301       0
                idataCOMRAM                         BDE      BDE        8      301       0

TOTAL           Name                               Link     Load   Length     Space
        CLASS   CODE           
                intcode                               8        8        6         0
                init                                  E        E        4         0
                reset_vec                             0        0        4         0
                intcode_body                        6BC      6BC       BA         0
                text11                              A28      A28       A4         0
                text10                              ACC      ACC       58         0
                text9                               BCC      BCC       12         0
                text8                               BBA      BBA       12         0
                text7                               B52      B52       2C         0
                text6                               B9C      B9C       1E         0
                text5                               B7E      B7E       1E         0
                text4                               8D2      8D2       AE         0
                text3                               824      824       AE         0
                text2                               776      776       AE         0
                text1                               980      980       A8         0
                text0                               602      602       BA         0
                cinit                               B24      B24       2E         0
                idataCOMRAM                         BDE      BDE        8         0

        CLASS   CONST          

        CLASS   SMALLCONST     
                smallconst                          600      600        2         0

        CLASS   MEDIUMCONST    

        CLASS   COMRAM         
                temp                                 22       22        1         1
                cstackCOMRAM                          1        1       17         1
                dataCOMRAM                           18       18        8         1
                bssCOMRAM                            20       20        2         1

        CLASS   ABS1           

        CLASS   BIGRAM         

        CLASS   RAM            

        CLASS   BANK0          

        CLASS   BANK1          

        CLASS   BANK2          

        CLASS   BANK3          

        CLASS   BANK4          

        CLASS   BANK5          

        CLASS   SFR            

        CLASS   BIGSFR         

        CLASS   CONFIG         
                config                           300000   300000        E         4

        CLASS   IDLOC          
                idloc                            200000   200000        8         5

        CLASS   EEDATA         

        CLASS   FARRAM         

        CLASS   HEAP           

        CLASS   STACK          



SEGMENTS        Name                           Load    Length   Top    Selector   Space  Class

                reset_vec                      000000  000004  000004         0       0  CODE    
                cstackCOMRAM                   000001  000022  000023         1       1  COMRAM  
                intcode                        000008  00000A  000012         4       0  CODE    
                smallconst                     000600  000002  000602       300       0  SMALLCON
                text0                          000602  0005E4  000BE6       301       0  CODE    


UNUSED ADDRESS RANGES

        Name                Unused          Largest block    Delta
        BANK0            000080-0000FF               80
        BANK1            000100-0001FF              100
        BANK2            000200-0002FF              100
        BANK3            000300-0003FF              100
        BANK4            000400-0004FF              100
        BANK5            000500-0005F3               F4
        BIGRAM           000023-0005F3              5D1
        BIGSFR           000F80-000F9B               1C
                         000F9D-000FD3               37
                         000FD5-000FDA                6
                         000FE0-000FE2                3
                         000FE8-000FEA                3
                         000FF0-000FFC                D
        CODE             000004-000007                4
                         000012-0005FF              5EE
                         000BE6-007DBF             71DA
        COMRAM           000023-00007F               5D
        CONST            000004-000007                4
                         000012-0005FF              5EE
                         000BE6-007DBF             71DA
        EEDATA           F00000-F000FF              100
        MEDIUMCONST      000BE6-007DBF             71DA
        RAM              000080-0005F3              100
        SFR              000F80-000F9B               1C
                         000F9D-000FD3               37
                         000FD5-000FDA                6
                         000FE0-000FE2                3
                         000FE8-000FEA                3
                         000FF0-000FFC                D
        SMALLCONST       000BE6-007DBF              100

                                  Symbol Table

?___lldiv                          cstackCOMRAM 000001
I2C_Master_Init@clock              cstackCOMRAM 00000E
I2C_Write@data                     cstackCOMRAM 000002
OLED_Command@cmd                   cstackCOMRAM 000003
OLED_Data@data                     cstackCOMRAM 000003
OLED_Display_Look_Forward@col      cstackCOMRAM 000005
OLED_Display_Look_Forward@page     cstackCOMRAM 000004
OLED_Display_Look_Left@col         cstackCOMRAM 000005
OLED_Display_Look_Left@page        cstackCOMRAM 000004
OLED_Display_Look_Right@col        cstackCOMRAM 000005
OLED_Display_Look_Right@page       cstackCOMRAM 000004
_BF                                (abs)        007E38
_I2C_Master_Init                   text10       000ACC
_I2C_Start                         text9        000BCC
_I2C_Stop                          text8        000BBA
_I2C_Write                         text7        000B52
_INTCONbits                        (abs)        000FF2
_ISR                               intcode      000008
_LATBbits                          (abs)        000F8A
_OLED_Command                      text6        000B9C
_OLED_Data                         text5        000B7E
_OLED_Display_Look_Forward         text4        0008D2
_OLED_Display_Look_Left            text3        000824
_OLED_Display_Look_Right           text2        000776
_OLED_Init                         text1        000980
_OSCCON                            (abs)        000FD3
_PEN                               (abs)        007E2A
_PORTB                             (abs)        000F81
_RB0                               (abs)        007C08
_SEN                               (abs)        007E28
_SSPADD                            (abs)        000FC8
_SSPBUF                            (abs)        000FC9
_SSPCON1                           (abs)        000FC6
_SSPCON2                           (abs)        000FC5
_SSPSTAT                           (abs)        000FC7
_T0CON                             (abs)        000FD5
_TMR0H                             (abs)        000FD7
_TMR0L                             (abs)        000FD6
_TRISB1                            (abs)        007C99
_TRISC3                            (abs)        007CA3
_TRISC4                            (abs)        007CA4
__HRAM                             (abs)        000000
__H__absolute__                    __absolute__ 000000
__Habs1                            abs1         000000
__Hbank0                           bank0        000000
__Hbank1                           bank1        000000
__Hbank2                           bank2        000000
__Hbank3                           bank3        000000
__Hbank4                           bank4        000000
__Hbank5                           bank5        000000
__Hbigbss                          bigbss       000000
__Hbigdata                         bigdata      000000
__Hbigram                          bigram       000000
__Hbigsfr                          bigsfr       000000
__Hbss                             bss          000000
__HbssCOMRAM                       bssCOMRAM    000000
__Hcinit                           cinit        000000
__Hclrtext                         clrtext      000000
__Hcomram                          comram       000000
__Hconfig                          config       30000E
__Hconst                           const        000000
__HcstackCOMRAM                    cstackCOMRAM 000000
__Hdata                            data         000000
__HdataCOMRAM                      dataCOMRAM   000000
__Heeprom_data                     eeprom_data  000000
__Hfarbss                          farbss       000000
__Hfardata                         fardata      000000
__Hheap                            heap         000000
__Hibigdata                        ibigdata     000000
__Hidata                           idata        000000
__HidataCOMRAM                     idataCOMRAM  000000
__Hidloc                           idloc        200008
__Hifardata                        ifardata     000000
__Hinit                            init         000012
__Hintcode                         intcode      00000E
__Hintcode_body                    intcode_body 000000
__Hintcodelo                       intcodelo    00000E
__Hintentry                        intentry     000000
__Hintret                          intret       000000
__Hintsave_regs                    intsave_regs 000000
__Hirdata                          irdata       000000
__Hmediumconst                     mediumconst  000000
__HnvFARRAM                        nvFARRAM     000000
__Hnvbit                           nvbit        000000
__Hnvrram                          nvrram       000000
__Hparam                           rparam       000000
__Hpowerup                         powerup      00000E
__Hram                             ram          000000
__Hramtop                          ramtop       000600
__Hrbit                            rbit         000000
__Hrbss                            rbss         000000
__Hrdata                           rdata        000000
__Hreset_vec                       reset_vec    000004
__Hrparam                          rparam       000000
__Hsfr                             sfr          000000
__Hsivt_hi                         sivt_hi      000000
__Hsivt_lo                         sivt_lo      000000
__Hsmallconst                      smallconst   000602
__Hspace_0                         (abs)        000BE6
__Hspace_1                         (abs)        000023
__Hspace_2                         (abs)        000000
__Hspace_4                         (abs)        60000E
__Hstack                           stack        000000
__Hstruct                          struct       000000
__Htemp                            temp         000023
__Htext                            text         000000
__Htext0                           text0        000000
__Htext1                           text1        000000
__Htext10                          text10       000000
__Htext11                          text11       000000
__Htext2                           text2        000000
__Htext3                           text3        000000
__Htext4                           text4        000000
__Htext5                           text5        000000
__Htext6                           text6        000000
__Htext7                           text7        000000
__Htext8                           text8        000000
__Htext9                           text9        000000
__LRAM                             (abs)        000001
__L__absolute__                    __absolute__ 000000
__Labs1                            abs1         000000
__Lbank0                           bank0        000000
__Lbank1                           bank1        000000
__Lbank2                           bank2        000000
__Lbank3                           bank3        000000
__Lbank4                           bank4        000000
__Lbank5                           bank5        000000
__Lbigbss                          bigbss       000000
__Lbigdata                         bigdata      000000
__Lbigram                          bigram       000000
__Lbigsfr                          bigsfr       000000
__Lbss                             bss          000000
__LbssCOMRAM                       bssCOMRAM    000000
__Lcinit                           cinit        000000
__Lclrtext                         clrtext      000000
__Lcomram                          comram       000000
__Lconfig                          config       000000
__Lconst                           const        000000
__LcstackCOMRAM                    cstackCOMRAM 000000
__Ldata                            data         000000
__LdataCOMRAM                      dataCOMRAM   000000
__Leeprom_data                     eeprom_data  000000
__Lfarbss                          farbss       000000
__Lfardata                         fardata      000000
__Lheap                            heap         000000
__Libigdata                        ibigdata     000000
__Lidata                           idata        000000
__LidataCOMRAM                     idataCOMRAM  000000
__Lidloc                           idloc        000000
__Lifardata                        ifardata     000000
__Linit                            init         00000E
__Lintcode                         intcode      000008
__Lintcode_body                    intcode_body 000000
__Lintcodelo                       intcodelo    00000E
__Lintentry                        intentry     000000
__Lintret                          intret       000000
__Lintsave_regs                    intsave_regs 000000
__Lirdata                          irdata       000000
__Lmediumconst                     mediumconst  000000
__LnvFARRAM                        nvFARRAM     000000
__Lnvbit                           nvbit        000000
__Lnvrram                          nvrram       000000
__Lparam                           rparam       000000
__Lpowerup                         powerup      00000E
__Lram                             ram          000000
__Lramtop                          ramtop       000600
__Lrbit                            rbit         000000
__Lrbss                            rbss         000000
__Lrdata                           rdata        000000
__Lreset_vec                       reset_vec    000000
__Lrparam                          rparam       000000
__Lsfr                             sfr          000000
__Lsivt_hi                         sivt_hi      000000
__Lsivt_lo                         sivt_lo      000000
__Lsmallconst                      smallconst   000600
__Lspace_0                         (abs)        000000
__Lspace_1                         (abs)        000000
__Lspace_2                         (abs)        000000
__Lspace_4                         (abs)        000000
__Lstack                           stack        000000
__Lstruct                          struct       000000
__Ltemp                            temp         000022
__Ltext                            text         000000
__Ltext0                           text0        000000
__Ltext1                           text1        000000
__Ltext10                          text10       000000
__Ltext11                          text11       000000
__Ltext2                           text2        000000
__Ltext3                           text3        000000
__Ltext4                           text4        000000
__Ltext5                           text5        000000
__Ltext6                           text6        000000
__Ltext7                           text7        000000
__Ltext8                           text8        000000
__Ltext9                           text9        000000
__S0                               (abs)        000BE6
__S1                               (abs)        000023
__S4                               (abs)        000000
__S5                               (abs)        000000
___heap_hi                         (abs)        000000
___heap_lo                         (abs)        000000
___inthi_sp                        stack        000000
___inthi_stack_hi                  stack        000000
___inthi_stack_lo                  stack        000000
___intlo_sp                        stack        000000
___intlo_stack_hi                  stack        000000
___intlo_stack_lo                  stack        000000
___lldiv                           text11       000A28
___lldiv@counter                   cstackCOMRAM 00000D
___lldiv@dividend                  cstackCOMRAM 000001
___lldiv@divisor                   cstackCOMRAM 000005
___lldiv@quotient                  cstackCOMRAM 000009
___param_bank                      (abs)        000000
___rparam_used                     (abs)        000001
___sp                              stack        000000
___stack_hi                        stack        000000
___stack_lo                        stack        000000
__accesstop                        (abs)        000080
__activetblptr                     (abs)        000000
__end_of_I2C_Master_Init           text10       000B24
__end_of_I2C_Start                 text9        000BDE
__end_of_I2C_Stop                  text8        000BCC
__end_of_I2C_Write                 text7        000B7E
__end_of_ISR                       intcode_body 000776
__end_of_OLED_Command              text6        000BBA
__end_of_OLED_Data                 text5        000B9C
__end_of_OLED_Display_Look_Forward text4        000980
__end_of_OLED_Display_Look_Left    text3        0008D2
__end_of_OLED_Display_Look_Right   text2        000824
__end_of_OLED_Init                 text1        000A28
__end_of___lldiv                   text11       000ACC
__end_of__initialization           cinit        000B48
__end_of_main                      text0        0006BC
__initialization                   cinit        000B24
__mediumconst                      mediumconst  000000
__pbssCOMRAM                       bssCOMRAM    000020
__pcinit                           cinit        000B24
__pcstackCOMRAM                    cstackCOMRAM 000001
__pdataCOMRAM                      dataCOMRAM   000018
__pidataCOMRAM                     idataCOMRAM  000BDE
__pintcode                         intcode      000008
__pintcode_body                    intcode_body 0006BC
__psmallconst                      smallconst   000600
__ptext0                           text0        000602
__ptext1                           text1        000980
__ptext10                          text10       000ACC
__ptext11                          text11       000A28
__ptext2                           text2        000776
__ptext3                           text3        000824
__ptext4                           text4        0008D2
__ptext5                           text5        000B7E
__ptext6                           text6        000B9C
__ptext7                           text7        000B52
__ptext8                           text8        000BBA
__ptext9                           text9        000BCC
__ramtop                           ramtop       000600
__smallconst                       smallconst   000600
_main                              text0        000602
_pwmCounter                        bssCOMRAM    000020
_servoPulse                        dataCOMRAM   000018
btemp                              temp         000022
end_of_initialization              cinit        000B48
int$flags                          temp         000022
int_func                           intcode_body 0006BC
intlevel0                          text         000000
intlevel1                          text         000000
intlevel2                          text         000000
intlevel3                          text         000000
isa$std                            (abs)        000001
isa$xinst                          (abs)        000000
stackhi                            (abs)        000000
stacklo                            (abs)        000000
start                              init         00000E
start_initialization               cinit        000B24
ttemp5                             temp         000023
ttemp6                             temp         000026
ttemp7                             temp         00002A
wtemp8                             temp         000023


MODULE INFORMATION

Module		Function		Class		Link	Load	Size
servo.c
		_ISR           		CODE           	0008	0000	192

servo.c estimated size: 192

I2C.c
		_I2C_Master_Init		CODE           	0ACC	0000	88
		_I2C_Write     		CODE           	0B52	0000	44
		_I2C_Stop      		CODE           	0BBA	0000	18
		_I2C_Start     		CODE           	0BCC	0000	18

I2C.c estimated size: 168

C:\Program Files\Microchip\xc8\v2.50\pic\sources\c99\common\__lldiv.c
		___lldiv       		CODE           	0A28	0000	164

C:\Program Files\Microchip\xc8\v2.50\pic\sources\c99\common\__lldiv.c estimated size: 164

shared
		__initialization		CODE           	0B24	0000	36

shared estimated size: 36

OLED.c
		_OLED_Display_Look_Left		CODE           	0824	0000	174
		_OLED_Command  		CODE           	0B9C	0000	30
		_OLED_Display_Look_Forward		CODE           	08D2	0000	174
		_OLED_Init     		CODE           	0980	0000	168
		_OLED_Display_Look_Right		CODE           	0776	0000	174
		_OLED_Data     		CODE           	0B7E	0000	30

OLED.c estimated size: 750

main.c
		_main          		CODE           	0602	0000	186

main.c estimated size: 186

