Microchip MPLAB XC8 Compiler V2.50

Linker command line:

-W-3 \
  --edf=C:\Program Files\Microchip\xc8\v2.50\pic\dat\20240725155939_en.msgs \
  -cn -h+dist/default/debug\pet_robot.X.debug.sym \
  --cmf=dist/default/debug\pet_robot.X.debug.cmf -z -Q18F4520 \
  -oC:\Users\ru03m\AppData\Local\Temp\xcBscio.1\driver_tmp_3.o \
  --defsym=__MPLAB_BUILD=1 --fixupoverflow=error \
  -Mdist/default/debug/pet_robot.X.debug.map \
  --md=C:\Users\ru03m\AppData\Local\Temp\xcBscio.1\driver_tmp_0.dat -E1 \
  -ver=XC8 Compiler --acfsm=1493 -ACODE=00h-07DBFh -ACONST=00h-07DBFh \
  -ASMALLCONST=0600h-06FFhx119,07D00h-07DBFh -AMEDIUMCONST=0600h-07DBFh \
  -ACOMRAM=01h-07Fh -AABS1=00h-05F3h -ABIGRAM=01h-05F3h \
  -ARAM=080h-0FFh,0100h-01FFhx4,0500h-05F3h -ABANK0=080h-0FFh \
  -ABANK1=0100h-01FFh -ABANK2=0200h-02FFh -ABANK3=0300h-03FFh \
  -ABANK4=0400h-04FFh -ABANK5=0500h-05F3h \
  -ASFR=0F80h-0F9Bh,0F9Dh-0FD3h,0FD5h-0FDAh,0FE0h-0FE2h,0FE8h-0FEAh,0FF0h-0FFCh \
  -ABIGSFR=0F80h-0F9Bh,0F9Dh-0FD3h,0FD5h-0FDAh,0FE0h-0FE2h,0FE8h-0FEAh,0FF0h-0FFCh \
  -ACONFIG=0300000h-030000Dh -AIDLOC=0200000h-0200007h \
  -AEEDATA=0F00000h-0F000FFh -peeprom_data=EEDATA \
  -preset_vec=00h,intcode=8h,intcodelo=18h,powerup,init -pramtop=0600h \
  -psmallconst=SMALLCONST -pmediumconst=MEDIUMCONST -pconst=CONST \
  -AFARRAM=00h-00h \
  -prdata=COMRAM,nvrram=COMRAM,nvbit=COMRAM,rbss=COMRAM,rbit=COMRAM \
  -pfarbss=FARRAM,fardata=FARRAM,nvFARRAM=FARRAM \
  -pintsave_regs=BIGRAM,bigbss=BIGRAM,bigdata=BIGRAM -pbss=RAM \
  -pidata=CODE,irdata=CODE,ibigdata=CODE,ifardata=CODE -prparam=COMRAM \
  C:\Users\ru03m\AppData\Local\Temp\xcBscio.1\driver_tmp_9.o \
  dist/default/debug\pet_robot.X.debug.o 

Object code version is 3.11

Machine type is 18F4520



                Name                               Link     Load   Length Selector   Space Scale
C:\Users\ru03m\AppData\Local\Temp\xcBscio.1\driver_tmp_9.o
                idloc                            200000   200000        8        0       5
                config                           300000   300000        E        0       4
                init                                 EA       EA        4        C       0
                reset_vec                             0        0        4        0       0
dist/default/debug\pet_robot.X.debug.o
                intcodelo                            18       18       D2        C       0
                intcode                               8        8        6        4       0
                idloc                            200000   200000        8        0       5
                config                           300000   300000        E        0       4
                temp                                 2F       2F        1        1       1
                mediumconst                        39BE     39BE     4402     1CDF       0
                text25                             10B8     10B8       16        C       0
                text24                              BF8      BF8       AE        C       0
                intcode_body                        DF2      DF2       96        C       0
                text21                              D4E      D4E       A4        C       0
                text20                              E88      E88       58        C       0
                text19                             10F2     10F2        E        C       0
                text18                             10E0     10E0       12        C       0
                text17                             10CE     10CE       12        C       0
                text16                             101C     101C       2C        C       0
                text15                             1084     1084       1E        C       0
                text14                             1066     1066       1E        C       0
                text13                              B4A      B4A       AE        C       0
                text12                              A9C      A9C       AE        C       0
                text11                              CA6      CA6       A8        C       0
                text10                             10A2     10A2       16        C       0
                text9                              1048     1048       1E        C       0
                text8                               EE0      EE0       54        C       0
                text7                               3C8      3C8      2DA        C       0
                text6                               FE2      FE2       3A        C       0
                text5                               FA8      FA8       3A        C       0
                text4                               F6E      F6E       3A        C       0
                text3                               804      804      162        C       0
                text2                               6A2      6A2      162        C       0
                text1                                EE       EE      2DA        C       0
                text0                               966      966      136        C       0
                cstackCOMRAM                          1        1       20        1       1
                dataCOMRAM                           21       21        8        1       1
                bssCOMRAM                            29       29        6        1       1
                cinit                               F34      F34       3A        C       0
                idataCOMRAM                        1100     1100        8        C       0

TOTAL           Name                               Link     Load   Length     Space
        CLASS   CODE           
                intcodelo                            18       18       D2         0
                intcode                               8        8        6         0
                init                                 EA       EA        4         0
                reset_vec                             0        0        4         0
                text25                             10B8     10B8       16         0
                text24                              BF8      BF8       AE         0
                intcode_body                        DF2      DF2       96         0
                text21                              D4E      D4E       A4         0
                text20                              E88      E88       58         0
                text19                             10F2     10F2        E         0
                text18                             10E0     10E0       12         0
                text17                             10CE     10CE       12         0
                text16                             101C     101C       2C         0
                text15                             1084     1084       1E         0
                text14                             1066     1066       1E         0
                text13                              B4A      B4A       AE         0
                text12                              A9C      A9C       AE         0
                text11                              CA6      CA6       A8         0
                text10                             10A2     10A2       16         0
                text9                              1048     1048       1E         0
                text8                               EE0      EE0       54         0
                text7                               3C8      3C8      2DA         0
                text6                               FE2      FE2       3A         0
                text5                               FA8      FA8       3A         0
                text4                               F6E      F6E       3A         0
                text3                               804      804      162         0
                text2                               6A2      6A2      162         0
                text1                                EE       EE      2DA         0
                text0                               966      966      136         0
                cinit                               F34      F34       3A         0
                idataCOMRAM                        1100     1100        8         0

        CLASS   CONST          

        CLASS   SMALLCONST     

        CLASS   MEDIUMCONST    
                mediumconst                        39BE     39BE     4402         0

        CLASS   COMRAM         
                temp                                 2F       2F        1         1
                cstackCOMRAM                          1        1       20         1
                dataCOMRAM                           21       21        8         1
                bssCOMRAM                            29       29        6         1

        CLASS   ABS1           

        CLASS   BIGRAM         

        CLASS   RAM            

        CLASS   BANK0          

        CLASS   BANK1          

        CLASS   BANK2          

        CLASS   BANK3          

        CLASS   BANK4          

        CLASS   BANK5          

        CLASS   SFR            

        CLASS   BIGSFR         

        CLASS   CONFIG         
                config                           300000   300000        E         4

        CLASS   IDLOC          
                idloc                            200000   200000        8         5

        CLASS   EEDATA         

        CLASS   FARRAM         

        CLASS   HEAP           

        CLASS   STACK          



SEGMENTS        Name                           Load    Length   Top    Selector   Space  Class

                reset_vec                      000000  000004  000004         0       0  CODE    
                cstackCOMRAM                   000001  00002F  000030         1       1  COMRAM  
                intcode                        000008  000006  00000E         4       0  CODE    
                intcodelo                      000018  0010F0  001108         C       0  CODE    
                mediumconst                    0039BE  004402  007DC0      1CDF       0  MEDIUMCO


UNUSED ADDRESS RANGES

        Name                Unused          Largest block    Delta
        BANK0            000080-0000FF               80
        BANK1            000100-0001FF              100
        BANK2            000200-0002FF              100
        BANK3            000300-0003FF              100
        BANK4            000400-0004FF              100
        BANK5            000500-0005F3               F4
        BIGRAM           000030-0005F3              5C4
        BIGSFR           000F80-000F9B               1C
                         000F9D-000FD3               37
                         000FD5-000FDA                6
                         000FE0-000FE2                3
                         000FE8-000FEA                3
                         000FF0-000FFC                D
        CODE             000004-000007                4
                         00000E-000017                A
                         001108-0039BD             28B6
        COMRAM           000030-00007F               50
        CONST            000004-000007                4
                         00000E-000017                A
                         001108-0039BD             28B6
        EEDATA           F00000-F000FF              100
        MEDIUMCONST      001108-0039BD             28B6
        RAM              000080-0005F3              100
        SFR              000F80-000F9B               1C
                         000F9D-000FD3               37
                         000FD5-000FDA                6
                         000FE0-000FE2                3
                         000FE8-000FEA                3
                         000FF0-000FFC                D
        SMALLCONST       001108-0039BD              100

                                  Symbol Table

?___awmod                          cstackCOMRAM 000001
?___lldiv                          cstackCOMRAM 00000C
H_ISR@data                         cstackCOMRAM 000007
I2C_Master_Init@clock              cstackCOMRAM 000019
I2C_Write@data                     cstackCOMRAM 00000D
OLED_Command@cmd                   cstackCOMRAM 00000E
OLED_Data@data                     cstackCOMRAM 00000E
OLED_Display_Look_Forward@col      cstackCOMRAM 000010
OLED_Display_Look_Forward@page     cstackCOMRAM 00000F
OLED_Display_Look_Right@col        cstackCOMRAM 000010
OLED_Display_Look_Right@page       cstackCOMRAM 00000F
UART_Write@data                    cstackCOMRAM 000001
_ADCON1                            (abs)        000FC1
_BAUDCONbits                       (abs)        000FB8
_BF                                (abs)        007E38
_H_ISR                             intcode      000008
_I2C_Master_Init                   text20       000E88
_I2C_Start                         text18       0010E0
_I2C_Stop                          text17       0010CE
_I2C_Write                         text16       00101C
_INTCON2bits                       (abs)        000FF1
_INTCONbits                        (abs)        000FF2
_IPR1bits                          (abs)        000F9F
_Interupt0_Initialize              text19       0010F2
_LATA                              (abs)        000F89
_LATB                              (abs)        000F8A
_LATBbits                          (abs)        000F8A
_L_ISR                             intcodelo    000018
_OLED_Command                      text15       001084
_OLED_Data                         text14       001066
_OLED_Display_Look_Forward         text13       000B4A
_OLED_Display_Look_Right           text12       000A9C
_OLED_Init                         text11       000CA6
_PEN                               (abs)        007E2A
_PIE1bits                          (abs)        000F9D
_PIR1bits                          (abs)        000F9E
_RCONbits                          (abs)        000FD0
_RCREG                             (abs)        000FAE
_RCSTAbits                         (abs)        000FAB
_SEN                               (abs)        007E28
_SPBRG                             (abs)        000FAF
_SSPADD                            (abs)        000FC8
_SSPBUF                            (abs)        000FC9
_SSPCON1                           (abs)        000FC6
_SSPCON2                           (abs)        000FC5
_SSPSTAT                           (abs)        000FC7
_T0CON                             (abs)        000FD5
_TMR0H                             (abs)        000FD7
_TMR0L                             (abs)        000FD6
_TRISA                             (abs)        000F92
_TRISB                             (abs)        000F93
_TRISC3                            (abs)        007CA3
_TRISC4                            (abs)        007CA4
_TRISC6                            (abs)        007CA6
_TRISC7                            (abs)        007CA7
_TXREG                             (abs)        000FAD
_TXSTAbits                         (abs)        000FAC
_Timer0_Initialize                 text10       0010A2
_UART_Init                         text9        001048
_UART_Write                        text25       0010B8
__HRAM                             (abs)        000000
__H__absolute__                    __absolute__ 000000
__Habs1                            abs1         000000
__Hbank0                           bank0        000000
__Hbank1                           bank1        000000
__Hbank2                           bank2        000000
__Hbank3                           bank3        000000
__Hbank4                           bank4        000000
__Hbank5                           bank5        000000
__Hbigbss                          bigbss       000000
__Hbigdata                         bigdata      000000
__Hbigram                          bigram       000000
__Hbigsfr                          bigsfr       000000
__Hbss                             bss          000000
__HbssCOMRAM                       bssCOMRAM    000000
__Hcinit                           cinit        000000
__Hclrtext                         clrtext      000000
__Hcomram                          comram       000000
__Hconfig                          config       30000E
__Hconst                           const        000000
__HcstackCOMRAM                    cstackCOMRAM 000000
__Hdata                            data         000000
__HdataCOMRAM                      dataCOMRAM   000000
__Heeprom_data                     eeprom_data  000000
__Hfarbss                          farbss       000000
__Hfardata                         fardata      000000
__Hheap                            heap         000000
__Hibigdata                        ibigdata     000000
__Hidata                           idata        000000
__HidataCOMRAM                     idataCOMRAM  000000
__Hidloc                           idloc        200008
__Hifardata                        ifardata     000000
__Hinit                            init         0000EE
__Hintcode                         intcode      00000E
__Hintcode_body                    intcode_body 000000
__Hintcodelo                       intcodelo    0000EA
__Hintentry                        intentry     000000
__Hintret                          intret       000000
__Hintsave_regs                    intsave_regs 000000
__Hirdata                          irdata       000000
__Hmediumconst                     mediumconst  007DC0
__HnvFARRAM                        nvFARRAM     000000
__Hnvbit                           nvbit        000000
__Hnvrram                          nvrram       000000
__Hparam                           rparam       000000
__Hpowerup                         powerup      0000EA
__Hram                             ram          000000
__Hramtop                          ramtop       000600
__Hrbit                            rbit         000000
__Hrbss                            rbss         000000
__Hrdata                           rdata        000000
__Hreset_vec                       reset_vec    000004
__Hrparam                          rparam       000000
__Hsfr                             sfr          000000
__Hsivt_hi                         sivt_hi      000000
__Hsivt_lo                         sivt_lo      000000
__Hsmallconst                      smallconst   000000
__Hspace_0                         (abs)        007DC0
__Hspace_1                         (abs)        000030
__Hspace_2                         (abs)        000000
__Hspace_4                         (abs)        60000E
__Hstack                           stack        000000
__Hstruct                          struct       000000
__Htemp                            temp         000030
__Htext                            text         000000
__Htext0                           text0        000000
__Htext1                           text1        000000
__Htext10                          text10       000000
__Htext11                          text11       000000
__Htext12                          text12       000000
__Htext13                          text13       000000
__Htext14                          text14       000000
__Htext15                          text15       000000
__Htext16                          text16       000000
__Htext17                          text17       000000
__Htext18                          text18       000000
__Htext19                          text19       000000
__Htext2                           text2        000000
__Htext20                          text20       000000
__Htext21                          text21       000000
__Htext24                          text24       000000
__Htext25                          text25       000000
__Htext3                           text3        000000
__Htext4                           text4        000000
__Htext5                           text5        000000
__Htext6                           text6        000000
__Htext7                           text7        000000
__Htext8                           text8        000000
__Htext9                           text9        000000
__LRAM                             (abs)        000001
__L__absolute__                    __absolute__ 000000
__Labs1                            abs1         000000
__Lbank0                           bank0        000000
__Lbank1                           bank1        000000
__Lbank2                           bank2        000000
__Lbank3                           bank3        000000
__Lbank4                           bank4        000000
__Lbank5                           bank5        000000
__Lbigbss                          bigbss       000000
__Lbigdata                         bigdata      000000
__Lbigram                          bigram       000000
__Lbigsfr                          bigsfr       000000
__Lbss                             bss          000000
__LbssCOMRAM                       bssCOMRAM    000000
__Lcinit                           cinit        000000
__Lclrtext                         clrtext      000000
__Lcomram                          comram       000000
__Lconfig                          config       000000
__Lconst                           const        000000
__LcstackCOMRAM                    cstackCOMRAM 000000
__Ldata                            data         000000
__LdataCOMRAM                      dataCOMRAM   000000
__Leeprom_data                     eeprom_data  000000
__Lfarbss                          farbss       000000
__Lfardata                         fardata      000000
__Lheap                            heap         000000
__Libigdata                        ibigdata     000000
__Lidata                           idata        000000
__LidataCOMRAM                     idataCOMRAM  000000
__Lidloc                           idloc        000000
__Lifardata                        ifardata     000000
__Linit                            init         0000EA
__Lintcode                         intcode      000008
__Lintcode_body                    intcode_body 000000
__Lintcodelo                       intcodelo    000018
__Lintentry                        intentry     000000
__Lintret                          intret       000000
__Lintsave_regs                    intsave_regs 000000
__Lirdata                          irdata       000000
__Lmediumconst                     mediumconst  0039BE
__LnvFARRAM                        nvFARRAM     000000
__Lnvbit                           nvbit        000000
__Lnvrram                          nvrram       000000
__Lparam                           rparam       000000
__Lpowerup                         powerup      0000EA
__Lram                             ram          000000
__Lramtop                          ramtop       000600
__Lrbit                            rbit         000000
__Lrbss                            rbss         000000
__Lrdata                           rdata        000000
__Lreset_vec                       reset_vec    000000
__Lrparam                          rparam       000000
__Lsfr                             sfr          000000
__Lsivt_hi                         sivt_hi      000000
__Lsivt_lo                         sivt_lo      000000
__Lsmallconst                      smallconst   000000
__Lspace_0                         (abs)        000000
__Lspace_1                         (abs)        000000
__Lspace_2                         (abs)        000000
__Lspace_4                         (abs)        000000
__Lstack                           stack        000000
__Lstruct                          struct       000000
__Ltemp                            temp         00002F
__Ltext                            text         000000
__Ltext0                           text0        000000
__Ltext1                           text1        000000
__Ltext10                          text10       000000
__Ltext11                          text11       000000
__Ltext12                          text12       000000
__Ltext13                          text13       000000
__Ltext14                          text14       000000
__Ltext15                          text15       000000
__Ltext16                          text16       000000
__Ltext17                          text17       000000
__Ltext18                          text18       000000
__Ltext19                          text19       000000
__Ltext2                           text2        000000
__Ltext20                          text20       000000
__Ltext21                          text21       000000
__Ltext24                          text24       000000
__Ltext25                          text25       000000
__Ltext3                           text3        000000
__Ltext4                           text4        000000
__Ltext5                           text5        000000
__Ltext6                           text6        000000
__Ltext7                           text7        000000
__Ltext8                           text8        000000
__Ltext9                           text9        000000
__S0                               (abs)        007DC0
__S1                               (abs)        000030
__S4                               (abs)        000000
__S5                               (abs)        000000
___awmod                           text24       000BF8
___awmod@counter                   cstackCOMRAM 000005
___awmod@dividend                  cstackCOMRAM 000001
___awmod@divisor                   cstackCOMRAM 000003
___awmod@sign                      cstackCOMRAM 000006
___heap_hi                         (abs)        000000
___heap_lo                         (abs)        000000
___inthi_sp                        stack        000000
___inthi_stack_hi                  stack        000000
___inthi_stack_lo                  stack        000000
___intlo_sp                        stack        000000
___intlo_stack_hi                  stack        000000
___intlo_stack_lo                  stack        000000
___lldiv                           text21       000D4E
___lldiv@counter                   cstackCOMRAM 000018
___lldiv@dividend                  cstackCOMRAM 00000C
___lldiv@divisor                   cstackCOMRAM 000010
___lldiv@quotient                  cstackCOMRAM 000014
___param_bank                      (abs)        000000
___rparam_used                     (abs)        000001
___sp                              stack        000000
___stack_hi                        stack        000000
___stack_lo                        stack        000000
__accesstop                        (abs)        000080
__activetblptr                     (abs)        000002
__end_of_H_ISR                     intcode_body 000E88
__end_of_I2C_Master_Init           text20       000EE0
__end_of_I2C_Start                 text18       0010F2
__end_of_I2C_Stop                  text17       0010E0
__end_of_I2C_Write                 text16       001048
__end_of_Interupt0_Initialize      text19       001100
__end_of_L_ISR                     intcodelo    0000EA
__end_of_OLED_Command              text15       0010A2
__end_of_OLED_Data                 text14       001084
__end_of_OLED_Display_Look_Forward text13       000BF8
__end_of_OLED_Display_Look_Right   text12       000B4A
__end_of_OLED_Init                 text11       000D4E
__end_of_Timer0_Initialize         text10       0010B8
__end_of_UART_Init                 text9        001066
__end_of_UART_Write                text25       0010CE
__end_of___awmod                   text24       000CA6
__end_of___lldiv                   text21       000DF2
__end_of__initialization           cinit        000F60
__end_of_angryFace2Data            mediumconst  0041BF
__end_of_angryFace3Data            mediumconst  003DBF
__end_of_angryFaceData             mediumconst  0045BF
__end_of_back_walk                 text7        0006A2
__end_of_happyFaceData             mediumconst  0069BF
__end_of_main                      text0        000A9C
__end_of_originalFaceData          mediumconst  007DBF
__end_of_sadFace2Data              mediumconst  004DBF
__end_of_sadFace3Data              mediumconst  0049BF
__end_of_sadFaceData               mediumconst  0051BF
__end_of_setServoAngle             text8        000F34
__end_of_setlaydown                text6        00101C
__end_of_setsit                    text5        000FE2
__end_of_setstand                  text4        000FA8
__end_of_shockFace2Data            mediumconst  0055BF
__end_of_shockFaceData             mediumconst  0059BF
__end_of_sleepFace2Data            mediumconst  0061BF
__end_of_sleepFace3Data            mediumconst  005DBF
__end_of_sleepFaceData             mediumconst  0065BF
__end_of_turn_left                 text3        000966
__end_of_turn_right                text2        000804
__end_of_turnleftFace2Data         mediumconst  0075BF
__end_of_turnleftFaceData          mediumconst  0079BF
__end_of_turnrightFace2Data        mediumconst  006DBF
__end_of_turnrightFaceData         mediumconst  0071BF
__end_of_walk                      text1        0003C8
__initialization                   cinit        000F34
__mediumconst                      mediumconst  0039BE
__pbssCOMRAM                       bssCOMRAM    000029
__pcinit                           cinit        000F34
__pcstackCOMRAM                    cstackCOMRAM 000001
__pdataCOMRAM                      dataCOMRAM   000021
__pidataCOMRAM                     idataCOMRAM  001100
__pintcode                         intcode      000008
__pintcode_body                    intcode_body 000DF2
__pintcodelo                       intcodelo    000018
__pmediumconst                     mediumconst  0039BE
__ptext0                           text0        000966
__ptext1                           text1        0000EE
__ptext10                          text10       0010A2
__ptext11                          text11       000CA6
__ptext12                          text12       000A9C
__ptext13                          text13       000B4A
__ptext14                          text14       001066
__ptext15                          text15       001084
__ptext16                          text16       00101C
__ptext17                          text17       0010CE
__ptext18                          text18       0010E0
__ptext19                          text19       0010F2
__ptext2                           text2        0006A2
__ptext20                          text20       000E88
__ptext21                          text21       000D4E
__ptext24                          text24       000BF8
__ptext25                          text25       0010B8
__ptext3                           text3        000804
__ptext4                           text4        000F6E
__ptext5                           text5        000FA8
__ptext6                           text6        000FE2
__ptext7                           text7        0003C8
__ptext8                           text8        000EE0
__ptext9                           text9        001048
__ramtop                           ramtop       000600
__smallconst                       smallconst   000000
_angryFace2Data                    mediumconst  003DBF
_angryFace3Data                    mediumconst  0039BF
_angryFaceData                     mediumconst  0041BF
_back_walk                         text7        0003C8
_happyFaceData                     mediumconst  0065BF
_main                              text0        000966
_mode                              bssCOMRAM    00002B
_old_mode                          bssCOMRAM    000029
_originalFaceData                  mediumconst  0079BF
_pwmCounter                        bssCOMRAM    00002D
_sadFace2Data                      mediumconst  0049BF
_sadFace3Data                      mediumconst  0045BF
_sadFaceData                       mediumconst  004DBF
_servoPulse                        dataCOMRAM   000021
_setServoAngle                     text8        000EE0
_setlaydown                        text6        000FE2
_setsit                            text5        000FA8
_setstand                          text4        000F6E
_shockFace2Data                    mediumconst  0051BF
_shockFaceData                     mediumconst  0055BF
_sleepFace2Data                    mediumconst  005DBF
_sleepFace3Data                    mediumconst  0059BF
_sleepFaceData                     mediumconst  0061BF
_turn_left                         text3        000804
_turn_right                        text2        0006A2
_turnleftFace2Data                 mediumconst  0071BF
_turnleftFaceData                  mediumconst  0075BF
_turnrightFace2Data                mediumconst  0069BF
_turnrightFaceData                 mediumconst  006DBF
_walk                              text1        0000EE
btemp                              temp         00002F
end_of_initialization              cinit        000F60
int$flags                          temp         00002F
int_func                           intcode_body 000DF2
intlevel0                          text         000000
intlevel1                          text         000000
intlevel2                          text         000000
intlevel3                          text         000000
isa$std                            (abs)        000001
isa$xinst                          (abs)        000000
setServoAngle@pulseWidth           cstackCOMRAM 00000C
setServoAngle@servo                cstackCOMRAM 00000E
stackhi                            (abs)        000000
stacklo                            (abs)        000000
start                              init         0000EA
start_initialization               cinit        000F34
ttemp5                             temp         000030
ttemp6                             temp         000033
ttemp7                             temp         000037
wtemp8                             temp         000030


MODULE INFORMATION

Module		Function		Class		Link	Load	Size
servo.c
		_turn_left     		CODE           	0804	0000	354
		_walk          		CODE           	00EE	0000	730
		_setsit        		CODE           	0FA8	0000	58
		_setstand      		CODE           	0F6E	0000	58
		_Timer0_Initialize		CODE           	10A2	0000	22
		_setServoAngle 		CODE           	0EE0	0000	84
		_back_walk     		CODE           	03C8	0000	730
		_setlaydown    		CODE           	0FE2	0000	58
		_turn_right    		CODE           	06A2	0000	354

servo.c estimated size: 2448

I2C.c
		_I2C_Master_Init		CODE           	0E88	0000	88
		_I2C_Write     		CODE           	101C	0000	44
		_I2C_Stop      		CODE           	10CE	0000	18
		_I2C_Start     		CODE           	10E0	0000	18

I2C.c estimated size: 168

C:\Program Files\Microchip\xc8\v2.50\pic\sources\c99\common\awmod.c
		___awmod       		CODE           	0BF8	0000	174

C:\Program Files\Microchip\xc8\v2.50\pic\sources\c99\common\awmod.c estimated size: 174

C:\Program Files\Microchip\xc8\v2.50\pic\sources\c99\common\__lldiv.c
		___lldiv       		CODE           	0D4E	0000	164

C:\Program Files\Microchip\xc8\v2.50\pic\sources\c99\common\__lldiv.c estimated size: 164

shared
		_turnrightFace2Data		MEDIUMCONST    	69BF	0000	1024
		_shockFaceData 		MEDIUMCONST    	55BF	0000	1024
		_shockFace2Data		MEDIUMCONST    	51BF	0000	1024
		_angryFaceData 		MEDIUMCONST    	41BF	0000	1024
		_happyFaceData 		MEDIUMCONST    	65BF	0000	1024
		__initialization		CODE           	0F34	0000	44
		_angryFace2Data		MEDIUMCONST    	3DBF	0000	1024
		_angryFace3Data		MEDIUMCONST    	39BF	0000	1024
		_turnleftFaceData		MEDIUMCONST    	75BF	0000	1024
		_originalFaceData		MEDIUMCONST    	79BF	0000	1024
		_turnleftFace2Data		MEDIUMCONST    	71BF	0000	1024
		_sleepFaceData 		MEDIUMCONST    	61BF	0000	1024
		_turnrightFaceData		MEDIUMCONST    	6DBF	0000	1024
		_sadFaceData   		MEDIUMCONST    	4DBF	0000	1024
		_sleepFace2Data		MEDIUMCONST    	5DBF	0000	1024
		_sleepFace3Data		MEDIUMCONST    	59BF	0000	1024
		_sadFace2Data  		MEDIUMCONST    	49BF	0000	1024
		_sadFace3Data  		MEDIUMCONST    	45BF	0000	1024

shared estimated size: 17452

OLED.c
		_OLED_Command  		CODE           	1084	0000	30
		_OLED_Display_Look_Forward		CODE           	0B4A	0000	174
		_OLED_Init     		CODE           	0CA6	0000	168
		_OLED_Display_Look_Right		CODE           	0A9C	0000	174
		_OLED_Data     		CODE           	1066	0000	30

OLED.c estimated size: 576

bluetooth.c
		_UART_Init     		CODE           	1048	0000	30
		_UART_Write    		CODE           	10B8	0000	22

bluetooth.c estimated size: 52

main.c
		_Interupt0_Initialize		CODE           	10F2	0000	14
		_H_ISR         		CODE           	0008	0000	156
		_main          		CODE           	0966	0000	310
		_L_ISR         		CODE           	0018	0000	210

main.c estimated size: 690

